   1               		.file	"lockcontroller.c"
   2               	__SREG__ = 0x3f
   3               	__SP_H__ = 0x3e
   4               	__SP_L__ = 0x3d
   5               	__CCP__ = 0x34
   6               	__tmp_reg__ = 0
   7               	__zero_reg__ = 1
   9               		.text
  10               	.Ltext0:
  27               		.section	.text.main,"ax",@progbits
  29               	.global	main
  31               	main:
   1:lockcontroller.c **** int main(void)
   2:lockcontroller.c **** {
  33               	.LM0:
  34               	.LFBB1:
  35               	/* prologue: function */
  36               	/* frame size = 0 */
  37               	/* stack size = 0 */
  38               	.L__stack_usage = 0
  39               	.L2:
  40 0000 00C0      		rjmp .L2
  42               	.Lscope1:
  43               		.text
  45               	.Letext0:
DEFINED SYMBOLS
                            *ABS*:0000000000000000 lockcontroller.c
     /tmp/ccG8KMgY.s:2      *ABS*:000000000000003f __SREG__
     /tmp/ccG8KMgY.s:3      *ABS*:000000000000003e __SP_H__
     /tmp/ccG8KMgY.s:4      *ABS*:000000000000003d __SP_L__
     /tmp/ccG8KMgY.s:5      *ABS*:0000000000000034 __CCP__
     /tmp/ccG8KMgY.s:6      *ABS*:0000000000000000 __tmp_reg__
     /tmp/ccG8KMgY.s:7      *ABS*:0000000000000001 __zero_reg__
     /tmp/ccG8KMgY.s:31     .text.main:0000000000000000 main

NO UNDEFINED SYMBOLS
